{
    "fasta.gz + integrases.hmm": {
        "content": [
            {
                "0": [
                    [
                        {
                            "id": "test"
                        },
                        "test.mvirs.summary.tsv:md5,38aa8658afcb1e50ea7c3e94ce2213a1"
                    ]
                ],
                "1": [
                    "versions.yml:md5,ab9b6754e66e87b1ae9bd1f2e632224d"
                ],
                "summary": [
                    [
                        {
                            "id": "test"
                        },
                        "test.mvirs.summary.tsv:md5,38aa8658afcb1e50ea7c3e94ce2213a1"
                    ]
                ],
                "versions": [
                    "versions.yml:md5,ab9b6754e66e87b1ae9bd1f2e632224d"
                ]
            }
        ],
        "meta": {
            "nf-test": "0.9.1",
            "nextflow": "24.04.4"
        },
        "timestamp": "2024-11-06T22:04:44.094128994"
    },
    "fasta.gz - stub": {
        "content": [
            {
                "0": [
                    [
                        {
                            "id": "test"
                        },
                        "test.mvirs.summary.tsv:md5,d41d8cd98f00b204e9800998ecf8427e"
                    ]
                ],
                "1": [
                    "versions.yml:md5,ab9b6754e66e87b1ae9bd1f2e632224d"
                ],
                "summary": [
                    [
                        {
                            "id": "test"
                        },
                        "test.mvirs.summary.tsv:md5,d41d8cd98f00b204e9800998ecf8427e"
                    ]
                ],
                "versions": [
                    "versions.yml:md5,ab9b6754e66e87b1ae9bd1f2e632224d"
                ]
            }
        ],
        "meta": {
            "nf-test": "0.9.1",
            "nextflow": "24.04.4"
        },
        "timestamp": "2024-11-06T20:05:39.941544513"
    }
}