{
    "SAMN34082720 + SAMEA3586081": {
        "content": [
            [
                
            ],
            [
                
            ],
            [
                "versions.yml:md5,9c9b3d5cd54535a372b73b67d1f4bcfd"
            ]
        ],
        "meta": {
            "nf-test": "0.9.1",
            "nextflow": "24.04.4"
        },
        "timestamp": "2024-11-02T04:19:41.713627051"
    },
    "SAMN34082720 + SAMEA3586081 - stub": {
        "content": [
            [
                
            ],
            [
                
            ],
            [
                "versions.yml:md5,9c9b3d5cd54535a372b73b67d1f4bcfd"
            ],
            [
                [
                    {
                        "id": "chunk1"
                    },
                    [
                        "SAMEA3586081_ERR1042924.tbl:md5,d41d8cd98f00b204e9800998ecf8427e",
                        "SAMN34082720_SRR24085752.tbl:md5,d41d8cd98f00b204e9800998ecf8427e"
                    ]
                ]
            ]
        ],
        "meta": {
            "nf-test": "0.9.1",
            "nextflow": "24.04.4"
        },
        "timestamp": "2024-11-02T04:23:49.263691795"
    }
}