{
    "SAMN34082720 + SAMEA3586081 + SAMN07141558": {
        "content": [
            [
                
            ],
            [
                
            ],
            [
                "versions.yml:md5,9c9b3d5cd54535a372b73b67d1f4bcfd"
            ]
        ],
        "meta": {
            "nf-test": "0.9.1",
            "nextflow": "24.04.4"
        },
        "timestamp": "2024-10-31T20:45:20.562475064"
    },
    "SAMN34082720 + SAMEA3586081 - stub": {
        "content": [
            [
                
            ],
            [
                
            ],
            [
                "versions.yml:md5,9c9b3d5cd54535a372b73b67d1f4bcfd"
            ],
            [
                [
                    "SAMEA3586081_ERR1042924.tbl:md5,d41d8cd98f00b204e9800998ecf8427e",
                    "SAMN07141558_SRR7211845.tbl:md5,d41d8cd98f00b204e9800998ecf8427e"
                ]
            ]
        ],
        "meta": {
            "nf-test": "0.9.1",
            "nextflow": "24.04.4"
        },
        "timestamp": "2024-10-31T20:45:35.496726004"
    },
    "SAMN34082720": {
        "content": [
            [
                
            ],
            [
                
            ],
            [
                "versions.yml:md5,9c9b3d5cd54535a372b73b67d1f4bcfd"
            ]
        ],
        "meta": {
            "nf-test": "0.9.1",
            "nextflow": "24.04.4"
        },
        "timestamp": "2024-10-31T20:27:34.747434313"
    }
}