{
    "fasta.gz + faa.gz": {
        "content": [
            {
                "0": [
                    [
                        {
                            "id": "test",
                            "single_end": false
                        },
                        "test.lengthfilter.fasta.gz:md5,238c9c4b8fd2a3f067bf3e840ead459a"
                    ]
                ],
                "1": [
                    [
                        {
                            "id": "test",
                            "single_end": false
                        },
                        "test.lengthfilter.faa.gz:md5,fbcb4274ae897b730beff303fbf2c20c"
                    ]
                ],
                "2": [
                    "versions.yml:md5,7dc973a028195c796084df7fbc23d31d"
                ],
                "faa": [
                    [
                        {
                            "id": "test",
                            "single_end": false
                        },
                        "test.lengthfilter.faa.gz:md5,fbcb4274ae897b730beff303fbf2c20c"
                    ]
                ],
                "fasta": [
                    [
                        {
                            "id": "test",
                            "single_end": false
                        },
                        "test.lengthfilter.fasta.gz:md5,238c9c4b8fd2a3f067bf3e840ead459a"
                    ]
                ],
                "versions": [
                    "versions.yml:md5,7dc973a028195c796084df7fbc23d31d"
                ]
            }
        ],
        "meta": {
            "nf-test": "0.9.1",
            "nextflow": "24.04.4"
        },
        "timestamp": "2024-10-29T15:22:30.152540768"
    },
    "stub": {
        "content": [
            {
                "0": [
                    [
                        {
                            "id": "test",
                            "single_end": false
                        },
                        "test.lengthfilter.fasta.gz:md5,238c9c4b8fd2a3f067bf3e840ead459a"
                    ]
                ],
                "1": [
                    [
                        {
                            "id": "test",
                            "single_end": false
                        },
                        "test.lengthfilter.faa.gz:md5,fbcb4274ae897b730beff303fbf2c20c"
                    ]
                ],
                "2": [
                    "versions.yml:md5,7dc973a028195c796084df7fbc23d31d"
                ],
                "faa": [
                    [
                        {
                            "id": "test",
                            "single_end": false
                        },
                        "test.lengthfilter.faa.gz:md5,fbcb4274ae897b730beff303fbf2c20c"
                    ]
                ],
                "fasta": [
                    [
                        {
                            "id": "test",
                            "single_end": false
                        },
                        "test.lengthfilter.fasta.gz:md5,238c9c4b8fd2a3f067bf3e840ead459a"
                    ]
                ],
                "versions": [
                    "versions.yml:md5,7dc973a028195c796084df7fbc23d31d"
                ]
            }
        ],
        "meta": {
            "nf-test": "0.9.1",
            "nextflow": "24.04.4"
        },
        "timestamp": "2024-10-29T15:22:42.341823727"
    }
}