{
    "fasta.gz + faa.gz": {
        "content": [
            {
                "0": [
                    [
                        {
                            "id": "test",
                            "single_end": false
                        },
                        "test.filtered.fasta.gz:md5,761358b5c8150cea0913234237521b0c"
                    ]
                ],
                "1": [
                    [
                        {
                            "id": "test",
                            "single_end": false
                        },
                        "test.filtered.faa.gz:md5,d41d8cd98f00b204e9800998ecf8427e"
                    ]
                ],
                "2": [
                    "versions.yml:md5,4e4d46ab9a84de4fc18e4c76ba321b25"
                ],
                "faa": [
                    [
                        {
                            "id": "test",
                            "single_end": false
                        },
                        "test.filtered.faa.gz:md5,d41d8cd98f00b204e9800998ecf8427e"
                    ]
                ],
                "fasta": [
                    [
                        {
                            "id": "test",
                            "single_end": false
                        },
                        "test.filtered.fasta.gz:md5,761358b5c8150cea0913234237521b0c"
                    ]
                ],
                "versions": [
                    "versions.yml:md5,4e4d46ab9a84de4fc18e4c76ba321b25"
                ]
            }
        ],
        "meta": {
            "nf-test": "0.9.1",
            "nextflow": "24.04.4"
        },
        "timestamp": "2024-10-27T22:35:03.255639545"
    },
    "stub": {
        "content": [
            {
                "0": [
                    [
                        {
                            "id": "test",
                            "single_end": false
                        },
                        "test.filtered.fasta.gz:md5,761358b5c8150cea0913234237521b0c"
                    ]
                ],
                "1": [
                    [
                        {
                            "id": "test",
                            "single_end": false
                        },
                        "test.filtered.faa.gz:md5,d41d8cd98f00b204e9800998ecf8427e"
                    ]
                ],
                "2": [
                    "versions.yml:md5,4e4d46ab9a84de4fc18e4c76ba321b25"
                ],
                "faa": [
                    [
                        {
                            "id": "test",
                            "single_end": false
                        },
                        "test.filtered.faa.gz:md5,d41d8cd98f00b204e9800998ecf8427e"
                    ]
                ],
                "fasta": [
                    [
                        {
                            "id": "test",
                            "single_end": false
                        },
                        "test.filtered.fasta.gz:md5,761358b5c8150cea0913234237521b0c"
                    ]
                ],
                "versions": [
                    "versions.yml:md5,4e4d46ab9a84de4fc18e4c76ba321b25"
                ]
            }
        ],
        "meta": {
            "nf-test": "0.9.1",
            "nextflow": "24.04.4"
        },
        "timestamp": "2024-10-27T22:35:12.994870052"
    }
}