{
    "Single-end": {
        "content": [
            {
                "0": [
                    [
                        {
                            "id": "test_single_end",
                            "single_end": true
                        },
                        "test_single_end.fastq.gz:md5,674d78c1cc3c1308d6d39d6369a42887"
                    ]
                ],
                "1": [
                    "versions.yml:md5,0c3eedebdab916320817ffc4a58911e6"
                ],
                "reads": [
                    [
                        {
                            "id": "test_single_end",
                            "single_end": true
                        },
                        "test_single_end.fastq.gz:md5,674d78c1cc3c1308d6d39d6369a42887"
                    ]
                ],
                "versions": [
                    "versions.yml:md5,0c3eedebdab916320817ffc4a58911e6"
                ]
            }
        ],
        "meta": {
            "nf-test": "0.9.0",
            "nextflow": "24.04.4"
        },
        "timestamp": "2024-10-24T10:48:25.790090981"
    },
    "Single-end-stub": {
        "content": [
            {
                "0": [
                    [
                        {
                            "id": "test_single_end",
                            "single_end": true
                        },
                        "test_single_end.fastq.gz:md5,d41d8cd98f00b204e9800998ecf8427e"
                    ]
                ],
                "1": [
                    "versions.yml:md5,0c3eedebdab916320817ffc4a58911e6"
                ],
                "reads": [
                    [
                        {
                            "id": "test_single_end",
                            "single_end": true
                        },
                        "test_single_end.fastq.gz:md5,d41d8cd98f00b204e9800998ecf8427e"
                    ]
                ],
                "versions": [
                    "versions.yml:md5,0c3eedebdab916320817ffc4a58911e6"
                ]
            }
        ],
        "meta": {
            "nf-test": "0.9.0",
            "nextflow": "24.04.4"
        },
        "timestamp": "2024-10-24T10:50:10.753345368"
    },
    "Paired-end": {
        "content": [
            {
                "0": [
                    [
                        {
                            "id": "test_paired_end",
                            "single_end": false
                        },
                        [
                            "test_paired_end_1.fastq.gz:md5,8573015c91d099b6e30789f8bab2f43c",
                            "test_paired_end_2.fastq.gz:md5,37e6f719a022dc3c9994c80fbc20c311"
                        ]
                    ]
                ],
                "1": [
                    "versions.yml:md5,0c3eedebdab916320817ffc4a58911e6"
                ],
                "reads": [
                    [
                        {
                            "id": "test_paired_end",
                            "single_end": false
                        },
                        [
                            "test_paired_end_1.fastq.gz:md5,8573015c91d099b6e30789f8bab2f43c",
                            "test_paired_end_2.fastq.gz:md5,37e6f719a022dc3c9994c80fbc20c311"
                        ]
                    ]
                ],
                "versions": [
                    "versions.yml:md5,0c3eedebdab916320817ffc4a58911e6"
                ]
            }
        ],
        "meta": {
            "nf-test": "0.9.0",
            "nextflow": "24.04.4"
        },
        "timestamp": "2024-10-24T10:49:24.72712504"
    },
    "Paired-end-stub": {
        "content": [
            {
                "0": [
                    [
                        {
                            "id": "test_paired_end",
                            "single_end": false
                        },
                        [
                            "test_paired_end_1.fastq.gz:md5,d41d8cd98f00b204e9800998ecf8427e",
                            "test_paired_end_2.fastq.gz:md5,d41d8cd98f00b204e9800998ecf8427e"
                        ]
                    ]
                ],
                "1": [
                    "versions.yml:md5,0c3eedebdab916320817ffc4a58911e6"
                ],
                "reads": [
                    [
                        {
                            "id": "test_paired_end",
                            "single_end": false
                        },
                        [
                            "test_paired_end_1.fastq.gz:md5,d41d8cd98f00b204e9800998ecf8427e",
                            "test_paired_end_2.fastq.gz:md5,d41d8cd98f00b204e9800998ecf8427e"
                        ]
                    ]
                ],
                "versions": [
                    "versions.yml:md5,0c3eedebdab916320817ffc4a58911e6"
                ]
            }
        ],
        "meta": {
            "nf-test": "0.9.0",
            "nextflow": "24.04.4"
        },
        "timestamp": "2024-10-24T10:50:47.759708045"
    }
}