{
    "fasta.gz + faa.gz": {
        "content": [
            {
                "0": [
                    [
                        {
                            "id": "test",
                            "single_end": false
                        },
                        "test.hmmfilter.fasta.gz:md5,cad404dae3375db95c7956f499544ea0"
                    ]
                ],
                "1": [
                    "versions.yml:md5,3e81fa6465d40ffe7740fa1d28375bc4"
                ],
                "fasta": [
                    [
                        {
                            "id": "test",
                            "single_end": false
                        },
                        "test.hmmfilter.fasta.gz:md5,cad404dae3375db95c7956f499544ea0"
                    ]
                ],
                "versions": [
                    "versions.yml:md5,3e81fa6465d40ffe7740fa1d28375bc4"
                ]
            }
        ],
        "meta": {
            "nf-test": "0.9.1",
            "nextflow": "24.04.4"
        },
        "timestamp": "2024-10-29T18:38:23.843650832"
    },
    "stub": {
        "content": [
            {
                "0": [
                    [
                        {
                            "id": "test",
                            "single_end": false
                        },
                        "test.hmmfilter.fasta.gz:md5,cad404dae3375db95c7956f499544ea0"
                    ]
                ],
                "1": [
                    "versions.yml:md5,3e81fa6465d40ffe7740fa1d28375bc4"
                ],
                "fasta": [
                    [
                        {
                            "id": "test",
                            "single_end": false
                        },
                        "test.hmmfilter.fasta.gz:md5,cad404dae3375db95c7956f499544ea0"
                    ]
                ],
                "versions": [
                    "versions.yml:md5,3e81fa6465d40ffe7740fa1d28375bc4"
                ]
            }
        ],
        "meta": {
            "nf-test": "0.9.1",
            "nextflow": "24.04.4"
        },
        "timestamp": "2024-10-29T18:38:37.832482011"
    }
}