{
    "ERR4552622 - fastq.gz - fasta.gz": {
        "content": [
            {
                "0": [
                    [
                        {
                            "id": "test1",
                            "group": "test",
                            "single_end": false
                        },
                        "test1.mvirs.prophages:md5,70ce813cbba0d016917d380ea2cf6af4"
                    ],
                    [
                        {
                            "id": "test2",
                            "group": "test",
                            "single_end": false
                        },
                        "test2.mvirs.prophages:md5,70ce813cbba0d016917d380ea2cf6af4"
                    ]
                ],
                "1": [
                    [
                        {
                            "id": "test1",
                            "group": "test",
                            "single_end": false
                        },
                        "test1.mvirs.fasta.gz:md5,9e1e21890100e9b020a33231a513a2a1"
                    ],
                    [
                        {
                            "id": "test2",
                            "group": "test",
                            "single_end": false
                        },
                        "test2.mvirs.fasta.gz:md5,9e1e21890100e9b020a33231a513a2a1"
                    ]
                ],
                "2": [
                    [
                        {
                            "id": "test1",
                            "group": "test",
                            "single_end": false
                        },
                        "test1.mvirs.clipped:md5,e52b358cb85381ea526452dae127d38d"
                    ],
                    [
                        {
                            "id": "test2",
                            "group": "test",
                            "single_end": false
                        },
                        "test2.mvirs.clipped:md5,e52b358cb85381ea526452dae127d38d"
                    ]
                ],
                "3": [
                    [
                        {
                            "id": "test1",
                            "group": "test",
                            "single_end": false
                        },
                        "test1.mvirs.oprs:md5,6ee89377971c3156b03db4fdf2b3a0a0"
                    ],
                    [
                        {
                            "id": "test2",
                            "group": "test",
                            "single_end": false
                        },
                        "test2.mvirs.oprs:md5,6ee89377971c3156b03db4fdf2b3a0a0"
                    ]
                ],
                "4": [
                    "versions.yml:md5,2bbd7571a3157e4cef36f8e1a5b13d81",
                    "versions.yml:md5,2bbd7571a3157e4cef36f8e1a5b13d81",
                    "versions.yml:md5,676f25ae084db4cbe3d8ae446ec39372"
                ],
                "mvirs_clipped": [
                    [
                        {
                            "id": "test1",
                            "group": "test",
                            "single_end": false
                        },
                        "test1.mvirs.clipped:md5,e52b358cb85381ea526452dae127d38d"
                    ],
                    [
                        {
                            "id": "test2",
                            "group": "test",
                            "single_end": false
                        },
                        "test2.mvirs.clipped:md5,e52b358cb85381ea526452dae127d38d"
                    ]
                ],
                "mvirs_fasta": [
                    [
                        {
                            "id": "test1",
                            "group": "test",
                            "single_end": false
                        },
                        "test1.mvirs.fasta.gz:md5,9e1e21890100e9b020a33231a513a2a1"
                    ],
                    [
                        {
                            "id": "test2",
                            "group": "test",
                            "single_end": false
                        },
                        "test2.mvirs.fasta.gz:md5,9e1e21890100e9b020a33231a513a2a1"
                    ]
                ],
                "mvirs_oprs": [
                    [
                        {
                            "id": "test1",
                            "group": "test",
                            "single_end": false
                        },
                        "test1.mvirs.oprs:md5,6ee89377971c3156b03db4fdf2b3a0a0"
                    ],
                    [
                        {
                            "id": "test2",
                            "group": "test",
                            "single_end": false
                        },
                        "test2.mvirs.oprs:md5,6ee89377971c3156b03db4fdf2b3a0a0"
                    ]
                ],
                "mvirs_prophages": [
                    [
                        {
                            "id": "test1",
                            "group": "test",
                            "single_end": false
                        },
                        "test1.mvirs.prophages:md5,70ce813cbba0d016917d380ea2cf6af4"
                    ],
                    [
                        {
                            "id": "test2",
                            "group": "test",
                            "single_end": false
                        },
                        "test2.mvirs.prophages:md5,70ce813cbba0d016917d380ea2cf6af4"
                    ]
                ],
                "versions": [
                    "versions.yml:md5,2bbd7571a3157e4cef36f8e1a5b13d81",
                    "versions.yml:md5,2bbd7571a3157e4cef36f8e1a5b13d81",
                    "versions.yml:md5,676f25ae084db4cbe3d8ae446ec39372"
                ]
            }
        ],
        "meta": {
            "nf-test": "0.9.1",
            "nextflow": "24.04.4"
        },
        "timestamp": "2024-10-27T22:28:22.03706674"
    }
}