{
    "sarscov2 - genome - fasta": {
        "content": [
            {
                "0": [
                    
                ],
                "1": [
                    
                ],
                "10": [
                    
                ],
                "11": [
                    
                ],
                "2": [
                    
                ],
                "3": [
                    
                ],
                "4": [
                    
                ],
                "5": [
                    
                ],
                "6": [
                    
                ],
                "7": [
                    
                ],
                "8": [
                    
                ],
                "9": [
                    
                ],
                "faa": [
                    
                ],
                "features": [
                    
                ],
                "genes": [
                    
                ],
                "plasmid_genes": [
                    
                ],
                "plasmid_summary": [
                    
                ],
                "provirus": [
                    
                ],
                "scores": [
                    
                ],
                "taxonomy": [
                    
                ],
                "versions": [
                    
                ],
                "virus_fasta": [
                    
                ],
                "virus_genes": [
                    
                ],
                "virus_summary": [
                    
                ]
            }
        ],
        "meta": {
            "nf-test": "0.9.1",
            "nextflow": "24.04.4"
        },
        "timestamp": "2024-11-04T18:04:15.448912051"
    },
    "sarscov2 - genome - fasta - stub": {
        "content": [
            {
                "0": [
                    
                ],
                "1": [
                    
                ],
                "10": [
                    
                ],
                "11": [
                    
                ],
                "2": [
                    
                ],
                "3": [
                    
                ],
                "4": [
                    
                ],
                "5": [
                    
                ],
                "6": [
                    
                ],
                "7": [
                    
                ],
                "8": [
                    
                ],
                "9": [
                    
                ],
                "faa": [
                    
                ],
                "features": [
                    
                ],
                "genes": [
                    
                ],
                "plasmid_genes": [
                    
                ],
                "plasmid_summary": [
                    
                ],
                "provirus": [
                    
                ],
                "scores": [
                    
                ],
                "taxonomy": [
                    
                ],
                "versions": [
                    
                ],
                "virus_fasta": [
                    
                ],
                "virus_genes": [
                    
                ],
                "virus_summary": [
                    
                ]
            }
        ],
        "meta": {
            "nf-test": "0.9.1",
            "nextflow": "24.04.4"
        },
        "timestamp": "2024-11-04T18:23:46.014922191"
    }
}